// Jest Snapshot v1, https://goo.gl/fbAQLP

exports[`snapshot test 1`] = `
<div>
  <div
    className="signStr spacebottom"
  >
    Create an account
  </div>
  <form
    onSubmit={[Function]}
  >
    <div
      className="inputContain"
    >
      <input
        className="input"
        id="loginInput"
        name="username"
        onChange={[Function]}
        placeholder="USERNAME"
        type="text"
        value=""
      />
    </div>
    <div
      className="inputContain"
    >
      <input
        className="input"
        id="loginInput"
        name="email"
        onChange={[Function]}
        placeholder="EMAIL"
        type="email"
        value=""
      />
    </div>
    <div
      className="inputContain"
    >
      <input
        className="input"
        id="loginInput"
        name="password"
        onChange={[Function]}
        placeholder="PASSWORD"
        type="password"
        value=""
      />
    </div>
    <div
      className="inputContain"
    >
      <input
        className="input"
        id="loginInput"
        name="confirmPassword"
        onChange={[Function]}
        placeholder="CONFIRM PASSWORD"
        type="password"
        value=""
      />
    </div>
    
    <button
      id="loginButton"
      onClick={[Function]}
      type="submit"
    >
      Signup
    </button>
    <div
      className="other"
    >
      <span>
        Already have an account?
         
      </span>
    </div>
  </form>
</div>
`;
