// Jest Snapshot v1, https://goo.gl/fbAQLP

exports[`snapshot test 1`] = `
<div
  style={
    Object {
      "paddingLeft": "50px",
    }
  }
>
  <p
    style={
      Object {
        "fontSize": "20px",
        "paddingLeft": "65px",
      }
    }
  >
    Create an account
  </p>
  <form
    onSubmit={[Function]}
  >
    <div
      className="inputContain"
    >
      <input
        className="input"
        id="loginInput"
        name="username"
        onChange={[Function]}
        placeholder="USERNAME"
        style={
          Object {
            "width": "80%",
          }
        }
        type="text"
        value=""
      />
    </div>
    <div
      className="inputContain"
    >
      <input
        className="input"
        id="loginInput"
        name="email"
        onChange={[Function]}
        placeholder="EMAIL"
        style={
          Object {
            "width": "80%",
          }
        }
        type="email"
        value=""
      />
    </div>
    <div
      className="inputContain"
    >
      <input
        className="input"
        id="loginInput"
        name="password"
        onChange={[Function]}
        placeholder="PASSWORD"
        style={
          Object {
            "width": "80%",
          }
        }
        type="password"
        value=""
      />
    </div>
    <div
      className="inputContain"
    >
      <input
        className="input"
        id="loginInput"
        name="confirmPassword"
        onChange={[Function]}
        placeholder="CONFIRM PASSWORD"
        style={
          Object {
            "width": "80%",
          }
        }
        type="password"
        value=""
      />
    </div>
    
    <button
      id="loginButton"
      onClick={[Function]}
      type="submit"
    >
      Signup
    </button>
    <div
      className="other"
    >
      <span>
        Already have an account?
         
      </span>
    </div>
  </form>
</div>
`;
