// Jest Snapshot v1, https://goo.gl/fbAQLP

exports[`Dashboard Articles Component Should render without crashing 1`] = `
<div>
  <div
    className="container"
    style={
      Object {
        "marginTop": "20px",
      }
    }
  >
    <div
      className="row"
    >
      <div
        className="col-md-12"
      >
        <div
          className="row"
        >
          <div
            className="card col-md-12"
            style={
              Object {
                "boxShadow": "5px 10px 18px #888888",
              }
            }
          >
            <h5
              className="card-header"
            >
              Post one
            </h5>
            <div
              className="card-body"
            >
              <h5
                className="card-title"
              >
                Written on
                 
                April 18, 2019
              </h5>
              <p
                className="card-text"
              >
                too long a story
              </p>
              <p
                className="read_time"
              />
              <p
                className="author_name"
              >
                Created By
                 
                <b>
                  rogha
                </b>
              </p>
              <div
                className="card-footer custom-footer"
              >
                <a
                  className="btn btn-primary float-left read-more-button"
                  href="/articles/post-one-first"
                  onClick={[Function]}
                >
                  Read More ...
                </a>
                <p
                  className="float-right"
                >
                  <div
                    className="icons"
                  >
                    <a
                      href="hgjghg"
                    >
                      <i
                        className="fas fa-share-alt-square"
                      />
                    </a>
                       
                    <a
                      href="hfjghjg"
                    >
                      <i
                        className="far fa-comment"
                      />
                    </a>
                       
                    <a
                      href="hjgjghg"
                    >
                      <i
                        className="far fa-thumbs-up pull float-right"
                      />
                    </a>
                       
                    <a
                      href="hgjghgj"
                    >
                      <i
                        className="far fa-thumbs-down"
                      />
                    </a>
                       
                  </div>
                </p>
              </div>
            </div>
          </div>
        </div>
      </div>
    </div>
    <br />
  </div>
  <div
    className="container"
    style={
      Object {
        "marginTop": "20px",
      }
    }
  >
    <div
      className="row"
    >
      <div
        className="col-md-12"
      >
        <div
          className="row"
        >
          <div
            className="card col-md-12"
            style={
              Object {
                "boxShadow": "5px 10px 18px #888888",
              }
            }
          >
            <h5
              className="card-header"
            >
              Post one
            </h5>
            <div
              className="card-body"
            >
              <h5
                className="card-title"
              >
                Written on
                 
                April 18, 2019
              </h5>
              <p
                className="card-text"
              >
                too long a story
              </p>
              <p
                className="read_time"
              />
              <p
                className="author_name"
              >
                Created By
                 
                <b>
                  rogha
                </b>
              </p>
              <div
                className="card-footer custom-footer"
              >
                <a
                  className="btn btn-primary float-left read-more-button"
                  href="/articles/post-one-first"
                  onClick={[Function]}
                >
                  Read More ...
                </a>
                <p
                  className="float-right"
                >
                  <div
                    className="icons"
                  >
                    <a
                      href="hgjghg"
                    >
                      <i
                        className="fas fa-share-alt-square"
                      />
                    </a>
                       
                    <a
                      href="hfjghjg"
                    >
                      <i
                        className="far fa-comment"
                      />
                    </a>
                       
                    <a
                      href="hjgjghg"
                    >
                      <i
                        className="far fa-thumbs-up pull float-right"
                      />
                    </a>
                       
                    <a
                      href="hgjghgj"
                    >
                      <i
                        className="far fa-thumbs-down"
                      />
                    </a>
                       
                  </div>
                </p>
              </div>
            </div>
          </div>
        </div>
      </div>
    </div>
    <br />
  </div>
  <div
    className="container"
    style={
      Object {
        "marginTop": "20px",
      }
    }
  >
    <div
      className="row"
    >
      <div
        className="col-md-12"
      >
        <div
          className="row"
        >
          <div
            className="card col-md-12"
            style={
              Object {
                "boxShadow": "5px 10px 18px #888888",
              }
            }
          >
            <h5
              className="card-header"
            >
              Post one
            </h5>
            <div
              className="card-body"
            >
              <h5
                className="card-title"
              >
                Written on
                 
                April 18, 2019
              </h5>
              <p
                className="card-text"
              >
                too long a story
              </p>
              <p
                className="read_time"
              />
              <p
                className="author_name"
              >
                Created By
                 
                <b>
                  rogha
                </b>
              </p>
              <div
                className="card-footer custom-footer"
              >
                <a
                  className="btn btn-primary float-left read-more-button"
                  href="/articles/post-one-first"
                  onClick={[Function]}
                >
                  Read More ...
                </a>
                <p
                  className="float-right"
                >
                  <div
                    className="icons"
                  >
                    <a
                      href="hgjghg"
                    >
                      <i
                        className="fas fa-share-alt-square"
                      />
                    </a>
                       
                    <a
                      href="hfjghjg"
                    >
                      <i
                        className="far fa-comment"
                      />
                    </a>
                       
                    <a
                      href="hjgjghg"
                    >
                      <i
                        className="far fa-thumbs-up pull float-right"
                      />
                    </a>
                       
                    <a
                      href="hgjghgj"
                    >
                      <i
                        className="far fa-thumbs-down"
                      />
                    </a>
                       
                  </div>
                </p>
              </div>
            </div>
          </div>
        </div>
      </div>
    </div>
    <br />
  </div>
  <div
    className="container"
    style={
      Object {
        "marginTop": "20px",
      }
    }
  >
    <div
      className="row"
    >
      <div
        className="col-md-12"
      >
        <div
          className="row"
        >
          <div
            className="card col-md-12"
            style={
              Object {
                "boxShadow": "5px 10px 18px #888888",
              }
            }
          >
            <h5
              className="card-header"
            >
              Post one
            </h5>
            <div
              className="card-body"
            >
              <h5
                className="card-title"
              >
                Written on
                 
                April 18, 2019
              </h5>
              <p
                className="card-text"
              >
                too long a story
              </p>
              <p
                className="read_time"
              />
              <p
                className="author_name"
              >
                Created By
                 
                <b>
                  rogha
                </b>
              </p>
              <div
                className="card-footer custom-footer"
              >
                <a
                  className="btn btn-primary float-left read-more-button"
                  href="/articles/post-one-first"
                  onClick={[Function]}
                >
                  Read More ...
                </a>
                <p
                  className="float-right"
                >
                  <div
                    className="icons"
                  >
                    <a
                      href="hgjghg"
                    >
                      <i
                        className="fas fa-share-alt-square"
                      />
                    </a>
                       
                    <a
                      href="hfjghjg"
                    >
                      <i
                        className="far fa-comment"
                      />
                    </a>
                       
                    <a
                      href="hjgjghg"
                    >
                      <i
                        className="far fa-thumbs-up pull float-right"
                      />
                    </a>
                       
                    <a
                      href="hgjghgj"
                    >
                      <i
                        className="far fa-thumbs-down"
                      />
                    </a>
                       
                  </div>
                </p>
              </div>
            </div>
          </div>
        </div>
      </div>
    </div>
    <br />
  </div>
  <div
    className="container"
    style={
      Object {
        "marginTop": "20px",
      }
    }
  >
    <div
      className="row"
    >
      <div
        className="col-md-12"
      >
        <div
          className="row"
        >
          <div
            className="card col-md-12"
            style={
              Object {
                "boxShadow": "5px 10px 18px #888888",
              }
            }
          >
            <h5
              className="card-header"
            >
              Post one
            </h5>
            <div
              className="card-body"
            >
              <h5
                className="card-title"
              >
                Written on
                 
                April 18, 2019
              </h5>
              <p
                className="card-text"
              >
                too long a story
              </p>
              <p
                className="read_time"
              />
              <p
                className="author_name"
              >
                Created By
                 
                <b>
                  rogha
                </b>
              </p>
              <div
                className="card-footer custom-footer"
              >
                <a
                  className="btn btn-primary float-left read-more-button"
                  href="/articles/post-one-first"
                  onClick={[Function]}
                >
                  Read More ...
                </a>
                <p
                  className="float-right"
                >
                  <div
                    className="icons"
                  >
                    <a
                      href="hgjghg"
                    >
                      <i
                        className="fas fa-share-alt-square"
                      />
                    </a>
                       
                    <a
                      href="hfjghjg"
                    >
                      <i
                        className="far fa-comment"
                      />
                    </a>
                       
                    <a
                      href="hjgjghg"
                    >
                      <i
                        className="far fa-thumbs-up pull float-right"
                      />
                    </a>
                       
                    <a
                      href="hgjghgj"
                    >
                      <i
                        className="far fa-thumbs-down"
                      />
                    </a>
                       
                  </div>
                </p>
              </div>
            </div>
          </div>
        </div>
      </div>
    </div>
    <br />
  </div>
  <div
    className="container"
    style={
      Object {
        "marginTop": "20px",
      }
    }
  >
    <div
      className="row"
    >
      <div
        className="col-md-12"
      >
        <div
          className="row"
        >
          <div
            className="card col-md-12"
            style={
              Object {
                "boxShadow": "5px 10px 18px #888888",
              }
            }
          >
            <h5
              className="card-header"
            >
              Post one
            </h5>
            <div
              className="card-body"
            >
              <h5
                className="card-title"
              >
                Written on
                 
                April 18, 2019
              </h5>
              <p
                className="card-text"
              >
                too long a story
              </p>
              <p
                className="read_time"
              />
              <p
                className="author_name"
              >
                Created By
                 
                <b>
                  rogha
                </b>
              </p>
              <div
                className="card-footer custom-footer"
              >
                <a
                  className="btn btn-primary float-left read-more-button"
                  href="/articles/post-one-first"
                  onClick={[Function]}
                >
                  Read More ...
                </a>
                <p
                  className="float-right"
                >
                  <div
                    className="icons"
                  >
                    <a
                      href="hgjghg"
                    >
                      <i
                        className="fas fa-share-alt-square"
                      />
                    </a>
                       
                    <a
                      href="hfjghjg"
                    >
                      <i
                        className="far fa-comment"
                      />
                    </a>
                       
                    <a
                      href="hjgjghg"
                    >
                      <i
                        className="far fa-thumbs-up pull float-right"
                      />
                    </a>
                       
                    <a
                      href="hgjghgj"
                    >
                      <i
                        className="far fa-thumbs-down"
                      />
                    </a>
                       
                  </div>
                </p>
              </div>
            </div>
          </div>
        </div>
      </div>
    </div>
    <br />
  </div>
  <div
    className="container"
    style={
      Object {
        "marginTop": "20px",
      }
    }
  >
    <div
      className="row"
    >
      <div
        className="col-md-12"
      >
        <div
          className="row"
        >
          <div
            className="card col-md-12"
            style={
              Object {
                "boxShadow": "5px 10px 18px #888888",
              }
            }
          >
            <h5
              className="card-header"
            >
              Post one
            </h5>
            <div
              className="card-body"
            >
              <h5
                className="card-title"
              >
                Written on
                 
                April 18, 2019
              </h5>
              <p
                className="card-text"
              >
                too long a story
              </p>
              <p
                className="read_time"
              />
              <p
                className="author_name"
              >
                Created By
                 
                <b>
                  rogha
                </b>
              </p>
              <div
                className="card-footer custom-footer"
              >
                <a
                  className="btn btn-primary float-left read-more-button"
                  href="/articles/post-one-first"
                  onClick={[Function]}
                >
                  Read More ...
                </a>
                <p
                  className="float-right"
                >
                  <div
                    className="icons"
                  >
                    <a
                      href="hgjghg"
                    >
                      <i
                        className="fas fa-share-alt-square"
                      />
                    </a>
                       
                    <a
                      href="hfjghjg"
                    >
                      <i
                        className="far fa-comment"
                      />
                    </a>
                       
                    <a
                      href="hjgjghg"
                    >
                      <i
                        className="far fa-thumbs-up pull float-right"
                      />
                    </a>
                       
                    <a
                      href="hgjghgj"
                    >
                      <i
                        className="far fa-thumbs-down"
                      />
                    </a>
                       
                  </div>
                </p>
              </div>
            </div>
          </div>
        </div>
      </div>
    </div>
    <br />
  </div>
</div>
`;
