// Jest Snapshot v1, https://goo.gl/fbAQLP

exports[`Dashboard Articles Component Should render without crashing 1`] = `
<div>
  <p
    className="text"
  >
    Showing
     
    <strong />
     
    out of
     
    <strong>
      0
    </strong>
  </p>
  <div>
    No Posts where Found !!!!
  </div>
</div>
`;
