// Jest Snapshot v1, https://goo.gl/fbAQLP

exports[`Landing page should render without crashing 1`] = `
<div>
  <div
    className="page-banner-image"
  >
    <img
      alt="Landing image"
      className="LandingImage"
      src={Object {}}
    />
  </div>
  <div
    className="small-screen"
  >
    <div>
      <form>
        <input
          placeholder="SEARCH"
          type="text"
        />
      </form>
    </div>
    <div>
      <a
        href="/login"
      >
        Account
      </a>
    </div>
  </div>
  <div
    className="wrapper"
  >
    <div>
      <div>
        No Posts where Found !!!!
      </div>
    </div>
    <div>
      <h1>
        Trending
      </h1>
      <br />
      <hr />
      <br />
      <div>
        No Trending Articles where Found !!!!
      </div>
    </div>
  </div>
  <br />
  <br />
  <br />
</div>
`;
